目标
掌握元组常见操作

课程内容
a.元组的定义
b.元组和列表区别
c.创建元组
d.访问元组
e.元组的索引和切片
f.删除元组
g.补充

a.元组的定义
元组和列表类似。小括号中包含元素，元素之间通过逗号进行分隔
(1,2,3)
('o8ma','ladeng','heygor')

b.元组和列表区别
1.敏感信息传递给不了解的函数，希望数据不被修改，使用元组
2.处理动态数据时候，经常更新数据，使用列表
3.元组不可变，列表可变
4.元组的速度快

c.创建元组
>>> a=(1)
>>> print(a)
1
>>> print(type(a))
<class 'int'>
>>> a=(1,)
>>> print(type(a))
<class 'tuple'>

d.访问元组
>>> tup=(1,2,3,4)
>>> for i in tup:
...     print(i)

e.元组的索引和切片
索引可以理解为下标，左侧从0开始右侧从-1开始
>>> tup=(1,2,3,4,5)
>>> print(tup[0])
1
>>> print(tup[-2])
4
>>> print(tup[2:4])
(3, 4)
>>> print(tup[3:])
(4, 5)
>>> print(tup[:-3])
(1, 2)

f.删除元组
>>> tup=(1,2,3,4,5)
>>> del tup
>>> print(tup)
Traceback (most recent call last):
  File "<stdin>", line 1, in <module>
NameError: name 'tup' is not defined

g.补充
len()	元素的个数
max()   元素中最大值
min()   元素中最小值
tuple.index()	元组中某个元素第一次匹配的索引
tuple.count()	元组中某个元素出现个数




